// Jest Snapshot v1, https://goo.gl/fbAQLP

exports[`<AgileCard/> should render snapshot 1`] = `
<View
  style={
    Array [
      Object {
        "backgroundColor": "#FFF",
        "flexDirection": "column",
        "height": 131,
        "padding": 8,
      },
      undefined,
      undefined,
      undefined,
    ]
  }
>
  <View
    style={
      Object {
        "alignItems": "center",
        "flexDirection": "row",
        "justifyContent": "space-between",
      }
    }
  >
    <View
      style={
        Object {
          "flexDirection": "row",
        }
      }
    >
      <ColorField
        color={
          Object {
            "background": "#000",
            "foreground": "#FFF",
            "id": 4,
          }
        }
        fullText={true}
        style={
          Object {
            "paddingLeft": 4,
            "paddingRight": 4,
            "width": null,
          }
        }
        text="TT-123"
      />
    </View>
  </View>
  <Text
    numberOfLines={3}
    style={
      Object {
        "color": "#444444",
        "fontSize": 13,
        "paddingBottom": 4,
        "paddingTop": 4,
      }
    }
    testID="card-summary"
  >
    issue summary
  </Text>
  <View
    style={
      Object {
        "flexDirection": "row",
        "height": 40,
      }
    }
  />
</View>
`;
